     VMA      LMA     Size Align Out     In      Symbol
       0        0 80200000     1 . = 0x80200000
80200000 80200000      412     4 .text
80200000 80200000        e     2         /tmp/kernel-907837.o:(.text.boot)
80200000 80200000        0     1                 .L0 
80200000 80200000        0     1                 .L0 
80200000 80200000        0     1                 $x
80200000 80200000        0     1                 .L0 
80200000 80200000        e     1                 boot
8020000e 8020000e        0     1                 .L0 
8020000e 8020000e        0     1                 .L0 
80200010 80200010      1e0     4         /tmp/kernel-907837.o:(.text)
80200010 80200010        0     1                 .L0 
80200010 80200010        0     1                 .L0 
80200010 80200010        0     1                 $x
80200010 80200010        0     1                 .L0 
80200010 80200010        6     1                 sbi_call
80200014 80200014        0     1                 .L0 
80200018 80200018        0     1                 .L0 
80200018 80200018        0     1                 .L0 
80200018 80200018        0     1                 .L0 
80200018 80200018       90     1                 kernel_entry
802000a8 802000a8        0     1                 .L0 
802000a8 802000a8        0     1                 .L0 
802000a8 802000a8        0     1                 .L0 
802000a8 802000a8        0     1                 .L0 
802000a8 802000a8        0     1                 .L0 
802000a8 802000a8       28     1                 handle_trap
802000ac 802000ac        0     1                 .L0 
802000ac 802000ac        0     1                 .L0 
802000b0 802000b0        0     1                 .L0 
802000b0 802000b0        0     1                 .L0 
802000b4 802000b4        0     1                 .L0 
802000b4 802000b4        0     1                 .L0 
802000b8 802000b8        0     1                 .L0 
802000b8 802000b8        0     1                 .L0 
802000bc 802000bc        0     1                 .L0 
802000ce 802000ce        0     1                 .L0 
802000d0 802000d0        0     1                 .L0 
802000d0 802000d0        0     1                 .L0 
802000d0 802000d0        0     1                 .L0 
802000d0 802000d0        0     1                 .L0 
802000d0 802000d0        0     1                 .L0 
802000d0 802000d0       14     1                 putchar
802000e2 802000e2        0     1                 .L0 
802000e4 802000e4        0     1                 .L0 
802000e4 802000e4        0     1                 .L0 
802000e4 802000e4        0     1                 .L0 
802000e4 802000e4        0     1                 .L0 
802000e4 802000e4       4e     1                 alloc_pages
802000ea 802000ea        0     1                 .L0 
802000ea 802000ea        0     1                 .L0 
802000f2 802000f2        0     1                 .L0 
802000f2 802000f2        0     1                 .L0 
802000f6 802000f6        0     1                 .L0 
802000fa 802000fa        0     1                 .L0 
802000fa 802000fa        0     1                 .L0 
80200102 80200102        0     1                 .L0 
80200106 80200106        0     1                 .L0 
8020010a 8020010a        0     1                 .L0 
80200120 80200120        0     1                 .L0 
80200122 80200122        0     1                 .L0 
80200122 80200122        0     1                 .L0 
80200128 80200128        0     1                 .L0 
80200128 80200128        0     1                 .L0 
8020012a 8020012a        0     1                 .L0 
8020012e 8020012e        0     1                 .L0 
8020012e 8020012e        0     1                 .L0 
80200132 80200132        0     1                 .L0 
80200132 80200132        0     1                 .L0 
80200132 80200132        0     1                 .L0 
80200132 80200132        0     1                 .L0 
80200132 80200132        0     1                 .L0 
80200132 80200132       be     1                 kernel_main
8020013e 8020013e        0     1                 .L0 
80200154 80200154        0     1                 .L0 
80200154 80200154        0     1                 .L0 
8020015c 8020015c        0     1                 .L0 
8020015c 8020015c        0     1                 .L0 
8020015e 8020015e        0     1                 .L0 
80200160 80200160        0     1                 .L0 
80200168 80200168        0     1                 .L0 
8020016c 8020016c        0     1                 .L0 
80200170 80200170        0     1                 .L0 
80200186 80200186        0     1                 .L0 
80200188 80200188        0     1                 .L0 
80200188 80200188        0     1                 .L0 
80200190 80200190        0     1                 .L0 
80200190 80200190        0     1                 .L0 
80200194 80200194        0     1                 .L0 
80200194 80200194        0     1                 .L0 
80200196 80200196        0     1                 .L0 
8020019c 8020019c        0     1                 .L0 
802001a0 802001a0        0     1                 .L0 
802001a0 802001a0        0     1                 .L0 
802001b6 802001b6        0     1                 .L0 
802001b8 802001b8        0     1                 .L0 
802001b8 802001b8        0     1                 .L0 
802001c0 802001c0        0     1                 .L0 
802001c0 802001c0        0     1                 .L0 
802001cc 802001cc        0     1                 .L0 
802001cc 802001cc        0     1                 .L0 
802001d8 802001d8        0     1                 .L0 
802001d8 802001d8        0     1                 .L0 
802001ee 802001ee        0     1                 .L0 
802001f0 802001f0        0     1                 .L0 
802001f0 802001f0        0     1                 .L0 
802001f0 802001f0      222     2         /tmp/common-a44f36.o:(.text)
802001f0 802001f0        0     1                 .L0 
802001f0 802001f0        0     1                 .L0 
802001f0 802001f0        0     1                 $x
802001f0 802001f0        0     1                 .L0 
802001f0 802001f0      1a8     1                 printf
8020020c 8020020c        0     1                 .L0 
80200236 80200236        0     1                 .L0 
80200246 80200246        0     1                 .L0 
80200246 80200246        0     1                 .L0 
8020024a 8020024a        0     1                 .L0 
8020024a 8020024a        0     1                 .L0 
8020024c 8020024c        0     1                 .L0 
80200250 80200250        0     1                 .L0 
80200258 80200258        0     1                 .L0 
80200258 80200258        0     1                 .L0 
8020025a 8020025a        0     1                 .L0 
8020025a 8020025a        0     1                 .L0 
8020025c 8020025c        0     1                 .L0 
8020025e 8020025e        0     1                 .L0 
8020025e 8020025e        0     1                 .L0 
80200264 80200264        0     1                 .L0 
80200274 80200274        0     1                 .L0 
80200274 80200274        0     1                 .L0 
80200280 80200280        0     1                 .L0 
80200280 80200280        0     1                 .L0 
80200284 80200284        0     1                 .L0 
80200284 80200284        0     1                 .L0 
80200286 80200286        0     1                 .L0 
8020028c 8020028c        0     1                 .L0 
8020028c 8020028c        0     1                 .L0 
80200294 80200294        0     1                 .L0 
80200294 80200294        0     1                 .L0 
8020029e 8020029e        0     1                 .L0 
8020029e 8020029e        0     1                 .L0 
802002a2 802002a2        0     1                 .L0 
802002a2 802002a2        0     1                 .L0 
802002a4 802002a4        0     1                 .L0 
802002a8 802002a8        0     1                 .L0 
802002aa 802002aa        0     1                 .L0 
802002aa 802002aa        0     1                 .L0 
802002b0 802002b0        0     1                 .L0 
802002b0 802002b0        0     1                 .L0 
802002b2 802002b2        0     1                 .L0 
802002b6 802002b6        0     1                 .L0 
802002b8 802002b8        0     1                 .L0 
802002b8 802002b8        0     1                 .L0 
802002be 802002be        0     1                 .L0 
802002be 802002be        0     1                 .L0 
802002c0 802002c0        0     1                 .L0 
802002c4 802002c4        0     1                 .L0 
802002c6 802002c6        0     1                 .L0 
802002c6 802002c6        0     1                 .L0 
802002cc 802002cc        0     1                 .L0 
802002cc 802002cc        0     1                 .L0 
802002ce 802002ce        0     1                 .L0 
802002d2 802002d2        0     1                 .L0 
802002d4 802002d4        0     1                 .L0 
802002d4 802002d4        0     1                 .L0 
802002da 802002da        0     1                 .L0 
802002da 802002da        0     1                 .L0 
802002dc 802002dc        0     1                 .L0 
802002e0 802002e0        0     1                 .L0 
802002e2 802002e2        0     1                 .L0 
802002e2 802002e2        0     1                 .L0 
802002e8 802002e8        0     1                 .L0 
802002e8 802002e8        0     1                 .L0 
802002ea 802002ea        0     1                 .L0 
802002ee 802002ee        0     1                 .L0 
802002f0 802002f0        0     1                 .L0 
802002f0 802002f0        0     1                 .L0 
802002f6 802002f6        0     1                 .L0 
802002f6 802002f6        0     1                 .L0 
802002f8 802002f8        0     1                 .L0 
802002fc 802002fc        0     1                 .L0 
802002fe 802002fe        0     1                 .L0 
802002fe 802002fe        0     1                 .L0 
80200300 80200300        0     1                 .L0 
80200300 80200300        0     1                 .L0 
80200302 80200302        0     1                 .L0 
80200306 80200306        0     1                 .L0 
80200306 80200306        0     1                 .L0 
80200308 80200308        0     1                 .L0 
80200308 80200308        0     1                 .L0 
8020030a 8020030a        0     1                 .L0 
8020030c 8020030c        0     1                 .L0 
8020030c 8020030c        0     1                 .L0 
8020030c 8020030c        0     1                 .L0 
80200316 80200316        0     1                 .L0 
8020031a 8020031a        0     1                 .L0 
80200320 80200320        0     1                 .L0 
80200320 80200320        0     1                 .L0 
80200320 80200320        0     1                 .L0 
80200326 80200326        0     1                 .L0 
80200326 80200326        0     1                 .L0 
8020032a 8020032a        0     1                 .L0 
8020032c 8020032c        0     1                 .L0 
80200330 80200330        0     1                 .L0 
80200330 80200330        0     1                 .L0 
80200330 80200330        0     1                 .L0 
80200336 80200336        0     1                 .L0 
80200336 80200336        0     1                 .L0 
8020033a 8020033a        0     1                 .L0 
8020033c 8020033c        0     1                 .L0 
80200340 80200340        0     1                 .L0 
80200340 80200340        0     1                 .L0 
80200340 80200340        0     1                 .L0 
80200346 80200346        0     1                 .L0 
80200348 80200348        0     1                 .L0 
8020034c 8020034c        0     1                 .L0 
80200350 80200350        0     1                 .L0 
80200350 80200350        0     1                 .L0 
80200350 80200350        0     1                 .L0 
80200352 80200352        0     1                 .L0 
80200352 80200352        0     1                 .L0 
80200356 80200356        0     1                 .L0 
8020035a 8020035a        0     1                 .L0 
80200360 80200360        0     1                 .L0 
80200360 80200360        0     1                 .L0 
8020036e 8020036e        0     1                 .L0 
8020036e 8020036e        0     1                 .L0 
80200374 80200374        0     1                 .L0 
80200374 80200374        0     1                 .L0 
80200374 80200374        0     1                 .L0 
8020037a 8020037a        0     1                 .L0 
8020037a 8020037a        0     1                 .L0 
8020037a 8020037a        0     1                 .L0 
8020037e 8020037e        0     1                 .L0 
80200394 80200394        0     1                 .L0 
80200398 80200398        0     1                 .L0 
80200398 80200398        0     1                 .L0 
80200398 80200398        0     1                 .L0 
80200398 80200398        0     1                 .L0 
80200398 80200398        0     1                 .L0 
80200398 80200398       1c     1                 memcpy
8020039c 8020039c        0     1                 .L0 
8020039c 8020039c        0     1                 .L0 
8020039e 8020039e        0     1                 .L0 
802003a8 802003a8        0     1                 .L0 
802003ae 802003ae        0     1                 .L0 
802003ae 802003ae        0     1                 .L0 
802003b2 802003b2        0     1                 .L0 
802003b2 802003b2        0     1                 .L0 
802003b4 802003b4        0     1                 .L0 
802003b4 802003b4        0     1                 .L0 
802003b4 802003b4        0     1                 .L0 
802003b4 802003b4       16     1                 memset
802003b8 802003b8        0     1                 .L0 
802003b8 802003b8        0     1                 .L0 
802003ba 802003ba        0     1                 .L0 
802003be 802003be        0     1                 .L0 
802003c4 802003c4        0     1                 .L0 
802003c4 802003c4        0     1                 .L0 
802003c8 802003c8        0     1                 .L0 
802003c8 802003c8        0     1                 .L0 
802003ca 802003ca        0     1                 .L0 
802003ca 802003ca        0     1                 .L0 
802003ca 802003ca        0     1                 .L0 
802003ca 802003ca       24     1                 strcpy
802003d0 802003d0        0     1                 .L0 
802003d4 802003d4        0     1                 .L0 
802003d4 802003d4        0     1                 .L0 
802003d6 802003d6        0     1                 .L0 
802003e2 802003e2        0     1                 .L0 
802003e4 802003e4        0     1                 .L0 
802003e6 802003e6        0     1                 .L0 
802003e8 802003e8        0     1                 .L0 
802003e8 802003e8        0     1                 .L0 
802003ec 802003ec        0     1                 .L0 
802003ee 802003ee        0     1                 .L0 
802003ee 802003ee        0     1                 .L0 
802003ee 802003ee        0     1                 .L0 
802003ee 802003ee       24     1                 strcmp
802003f2 802003f2        0     1                 .L0 
802003f4 802003f4        0     1                 .L0 
802003f6 802003f6        0     1                 .L0 
802003fa 802003fa        0     1                 .L0 
802003fe 802003fe        0     1                 .L0 
802003fe 802003fe        0     1                 .L0 
80200404 80200404        0     1                 .L0 
80200406 80200406        0     1                 .L0 
80200408 80200408        0     1                 .L0 
80200412 80200412        0     1                 .L0 
80200414 80200414       c5     4 .rodata
80200414 80200414       c5     1         <internal>:(.rodata.str1.1)
802004dc 802004dc        4     4 .data
802004dc 802004dc        4     4         /tmp/kernel-907837.o:(.data)
802004dc 802004dc        4     1                 alloc_pages.next_paddr
802004dc 802004dc        0     1                 $d
802004e0 802004e0        0     4 .bss
802004e0 802004e0        0     1         __bss = .
802004e0 802004e0        0     1         __bss_end = .
802004e0 802004e0        0     1 . = ALIGN(4)
802004e0 802004e0    20000     1 . += 128 * 1024
802204e0 802204e0        0     1 __stack_top = .
802204e0 802204e0      b20     1 . = ALIGN(4096)
80221000 80221000        0     1 __free_ram = .
80221000 80221000  4000000     1 . += 64 * 1024 * 1024
84221000 84221000        0     1 __free_ram_end = .
       0        0      2ab     1 .debug_loclists
       0        0       ca     1         /tmp/kernel-907837.o:(.debug_loclists)
       0        0        0     1                 $d
       c        c        0     1                 .L0 
      ca       ca      1e1     1         /tmp/common-a44f36.o:(.debug_loclists)
      ca       ca        0     1                 $d
      d6       d6        0     1                 .L0 
       0        0      2e5     1 .debug_abbrev
       0        0      1b6     1         /tmp/kernel-907837.o:(.debug_abbrev)
       0        0        0     1                 $d
     1b6      1b6      12f     1         /tmp/common-a44f36.o:(.debug_abbrev)
     1b6      1b6        0     1                 $d
       0        0      738     1 .debug_info
       0        0      4f9     1         /tmp/kernel-907837.o:(.debug_info)
       0        0        0     1                 $d
     4f9      4f9      23f     1         /tmp/common-a44f36.o:(.debug_info)
     4f9      4f9        0     1                 $d
       0        0       3a     1 .debug_rnglists
       0        0       1f     1         /tmp/kernel-907837.o:(.debug_rnglists)
       0        0        0     1                 $d
       c        c        0     1                 .L0 
      1f       1f       1b     1         /tmp/common-a44f36.o:(.debug_rnglists)
      1f       1f        0     1                 $d
      2b       2b        0     1                 .L0 
       0        0      1c8     1 .debug_str_offsets
       0        0      130     1         /tmp/kernel-907837.o:(.debug_str_offsets)
       0        0        0     1                 $d
       8        8        0     1                 .L0 
     130      130       98     1         /tmp/common-a44f36.o:(.debug_str_offsets)
     130      130        0     1                 $d
     138      138        0     1                 .L0 
       0        0      265     1 .debug_str
       0        0      265     1         <internal>:(.debug_str)
       0        0       d8     1 .debug_addr
       0        0       78     1         /tmp/kernel-907837.o:(.debug_addr)
       0        0        0     1                 $d
       8        8        0     1                 .L0 
      78       78       60     1         /tmp/common-a44f36.o:(.debug_addr)
      78       78        0     1                 $d
      80       80        0     1                 .L0 
       0        0       42     1 .comment
       0        0       42     1         <internal>:(.comment)
       0        0       4e     1 .riscv.attributes
       0        0       4e     1         <internal>:(.riscv.attributes)
       0        0      144     4 .debug_frame
       0        0       ac     4         /tmp/kernel-907837.o:(.debug_frame)
       0        0        0     1                 .L0 
       0        0        0     1                 $d
      ac       ac       98     4         /tmp/common-a44f36.o:(.debug_frame)
      ac       ac        0     1                 .L0 
      ac       ac        0     1                 $d
       0        0      4d7     1 .debug_line
       0        0      1d5     1         /tmp/kernel-907837.o:(.debug_line)
       0        0        0     1                 .Lline_table_start0
       0        0        0     1                 $d
     1d5      1d5      302     1         /tmp/common-a44f36.o:(.debug_line)
     1d5      1d5        0     1                 .Lline_table_start0
     1d5      1d5        0     1                 $d
       0        0       4a     1 .debug_line_str
       0        0       4a     1         <internal>:(.debug_line_str)
       0        0      330     4 .symtab
       0        0      330     4         <internal>:(.symtab)
       0        0       dc     1 .shstrtab
       0        0       dc     1         <internal>:(.shstrtab)
       0        0      124     1 .strtab
       0        0      124     1         <internal>:(.strtab)
