     VMA      LMA     Size Align Out     In      Symbol
       0        0 80200000     1 . = 0x80200000
80200000 80200000      27c     2 .text
80200000 80200000        e     2         /tmp/kernel-5cee3d.o:(.text.boot)
80200000 80200000        0     1                 .L0 
80200000 80200000        0     1                 .L0 
80200000 80200000        0     1                 $x
80200000 80200000        0     1                 .L0 
80200000 80200000        e     1                 boot
8020000e 8020000e        0     1                 .L0 
8020000e 8020000e        0     1                 .L0 
8020000e 8020000e       4c     2         /tmp/kernel-5cee3d.o:(.text)
8020000e 8020000e        0     1                 .L0 
8020000e 8020000e        0     1                 .L0 
8020000e 8020000e        0     1                 $x
8020000e 8020000e        0     1                 .L0 
8020000e 8020000e        6     1                 sbi_call
80200012 80200012        0     1                 .L0 
80200014 80200014        0     1                 .L0 
80200014 80200014        0     1                 .L0 
80200014 80200014        0     1                 .L0 
80200014 80200014       14     1                 putchar
80200028 80200028        0     1                 .L0 
80200028 80200028        0     1                 .L0 
80200028 80200028        0     1                 .L0 
80200028 80200028       32     1                 kernel_main
8020002c 8020002c        0     1                 .L0 
80200042 80200042        0     1                 .L0 
80200042 80200042        0     1                 .L0 
80200058 80200058        0     1                 .L0 
8020005a 8020005a        0     1                 .L0 
8020005a 8020005a        0     1                 .L0 
8020005a 8020005a      222     2         /tmp/common-c53637.o:(.text)
8020005a 8020005a        0     1                 .L0 
8020005a 8020005a        0     1                 .L0 
8020005a 8020005a        0     1                 $x
8020005a 8020005a        0     1                 .L0 
8020005a 8020005a      1a8     1                 printf
80200076 80200076        0     1                 .L0 
802000a0 802000a0        0     1                 .L0 
802000b0 802000b0        0     1                 .L0 
802000b0 802000b0        0     1                 .L0 
802000b4 802000b4        0     1                 .L0 
802000b4 802000b4        0     1                 .L0 
802000b6 802000b6        0     1                 .L0 
802000ba 802000ba        0     1                 .L0 
802000c2 802000c2        0     1                 .L0 
802000c2 802000c2        0     1                 .L0 
802000c4 802000c4        0     1                 .L0 
802000c4 802000c4        0     1                 .L0 
802000c6 802000c6        0     1                 .L0 
802000c8 802000c8        0     1                 .L0 
802000c8 802000c8        0     1                 .L0 
802000ce 802000ce        0     1                 .L0 
802000de 802000de        0     1                 .L0 
802000de 802000de        0     1                 .L0 
802000ea 802000ea        0     1                 .L0 
802000ea 802000ea        0     1                 .L0 
802000ee 802000ee        0     1                 .L0 
802000ee 802000ee        0     1                 .L0 
802000f0 802000f0        0     1                 .L0 
802000f6 802000f6        0     1                 .L0 
802000f6 802000f6        0     1                 .L0 
802000fe 802000fe        0     1                 .L0 
802000fe 802000fe        0     1                 .L0 
80200108 80200108        0     1                 .L0 
80200108 80200108        0     1                 .L0 
8020010c 8020010c        0     1                 .L0 
8020010c 8020010c        0     1                 .L0 
8020010e 8020010e        0     1                 .L0 
80200112 80200112        0     1                 .L0 
80200114 80200114        0     1                 .L0 
80200114 80200114        0     1                 .L0 
8020011a 8020011a        0     1                 .L0 
8020011a 8020011a        0     1                 .L0 
8020011c 8020011c        0     1                 .L0 
80200120 80200120        0     1                 .L0 
80200122 80200122        0     1                 .L0 
80200122 80200122        0     1                 .L0 
80200128 80200128        0     1                 .L0 
80200128 80200128        0     1                 .L0 
8020012a 8020012a        0     1                 .L0 
8020012e 8020012e        0     1                 .L0 
80200130 80200130        0     1                 .L0 
80200130 80200130        0     1                 .L0 
80200136 80200136        0     1                 .L0 
80200136 80200136        0     1                 .L0 
80200138 80200138        0     1                 .L0 
8020013c 8020013c        0     1                 .L0 
8020013e 8020013e        0     1                 .L0 
8020013e 8020013e        0     1                 .L0 
80200144 80200144        0     1                 .L0 
80200144 80200144        0     1                 .L0 
80200146 80200146        0     1                 .L0 
8020014a 8020014a        0     1                 .L0 
8020014c 8020014c        0     1                 .L0 
8020014c 8020014c        0     1                 .L0 
80200152 80200152        0     1                 .L0 
80200152 80200152        0     1                 .L0 
80200154 80200154        0     1                 .L0 
80200158 80200158        0     1                 .L0 
8020015a 8020015a        0     1                 .L0 
8020015a 8020015a        0     1                 .L0 
80200160 80200160        0     1                 .L0 
80200160 80200160        0     1                 .L0 
80200162 80200162        0     1                 .L0 
80200166 80200166        0     1                 .L0 
80200168 80200168        0     1                 .L0 
80200168 80200168        0     1                 .L0 
8020016a 8020016a        0     1                 .L0 
8020016a 8020016a        0     1                 .L0 
8020016c 8020016c        0     1                 .L0 
80200170 80200170        0     1                 .L0 
80200170 80200170        0     1                 .L0 
80200172 80200172        0     1                 .L0 
80200172 80200172        0     1                 .L0 
80200174 80200174        0     1                 .L0 
80200176 80200176        0     1                 .L0 
80200176 80200176        0     1                 .L0 
80200176 80200176        0     1                 .L0 
80200180 80200180        0     1                 .L0 
80200184 80200184        0     1                 .L0 
8020018a 8020018a        0     1                 .L0 
8020018a 8020018a        0     1                 .L0 
8020018a 8020018a        0     1                 .L0 
80200190 80200190        0     1                 .L0 
80200190 80200190        0     1                 .L0 
80200194 80200194        0     1                 .L0 
80200196 80200196        0     1                 .L0 
8020019a 8020019a        0     1                 .L0 
8020019a 8020019a        0     1                 .L0 
8020019a 8020019a        0     1                 .L0 
802001a0 802001a0        0     1                 .L0 
802001a0 802001a0        0     1                 .L0 
802001a4 802001a4        0     1                 .L0 
802001a6 802001a6        0     1                 .L0 
802001aa 802001aa        0     1                 .L0 
802001aa 802001aa        0     1                 .L0 
802001aa 802001aa        0     1                 .L0 
802001b0 802001b0        0     1                 .L0 
802001b2 802001b2        0     1                 .L0 
802001b6 802001b6        0     1                 .L0 
802001ba 802001ba        0     1                 .L0 
802001ba 802001ba        0     1                 .L0 
802001ba 802001ba        0     1                 .L0 
802001bc 802001bc        0     1                 .L0 
802001bc 802001bc        0     1                 .L0 
802001c0 802001c0        0     1                 .L0 
802001c4 802001c4        0     1                 .L0 
802001ca 802001ca        0     1                 .L0 
802001ca 802001ca        0     1                 .L0 
802001d8 802001d8        0     1                 .L0 
802001d8 802001d8        0     1                 .L0 
802001de 802001de        0     1                 .L0 
802001de 802001de        0     1                 .L0 
802001de 802001de        0     1                 .L0 
802001e4 802001e4        0     1                 .L0 
802001e4 802001e4        0     1                 .L0 
802001e4 802001e4        0     1                 .L0 
802001e8 802001e8        0     1                 .L0 
802001fe 802001fe        0     1                 .L0 
80200202 80200202        0     1                 .L0 
80200202 80200202        0     1                 .L0 
80200202 80200202        0     1                 .L0 
80200202 80200202        0     1                 .L0 
80200202 80200202        0     1                 .L0 
80200202 80200202       1c     1                 memcpy
80200206 80200206        0     1                 .L0 
80200206 80200206        0     1                 .L0 
80200208 80200208        0     1                 .L0 
80200212 80200212        0     1                 .L0 
80200218 80200218        0     1                 .L0 
80200218 80200218        0     1                 .L0 
8020021c 8020021c        0     1                 .L0 
8020021c 8020021c        0     1                 .L0 
8020021e 8020021e        0     1                 .L0 
8020021e 8020021e        0     1                 .L0 
8020021e 8020021e        0     1                 .L0 
8020021e 8020021e       16     1                 memset
80200222 80200222        0     1                 .L0 
80200222 80200222        0     1                 .L0 
80200224 80200224        0     1                 .L0 
80200228 80200228        0     1                 .L0 
8020022e 8020022e        0     1                 .L0 
8020022e 8020022e        0     1                 .L0 
80200232 80200232        0     1                 .L0 
80200232 80200232        0     1                 .L0 
80200234 80200234        0     1                 .L0 
80200234 80200234        0     1                 .L0 
80200234 80200234        0     1                 .L0 
80200234 80200234       24     1                 strcpy
8020023a 8020023a        0     1                 .L0 
8020023e 8020023e        0     1                 .L0 
8020023e 8020023e        0     1                 .L0 
80200240 80200240        0     1                 .L0 
8020024c 8020024c        0     1                 .L0 
8020024e 8020024e        0     1                 .L0 
80200250 80200250        0     1                 .L0 
80200252 80200252        0     1                 .L0 
80200252 80200252        0     1                 .L0 
80200256 80200256        0     1                 .L0 
80200258 80200258        0     1                 .L0 
80200258 80200258        0     1                 .L0 
80200258 80200258        0     1                 .L0 
80200258 80200258       24     1                 strcmp
8020025c 8020025c        0     1                 .L0 
8020025e 8020025e        0     1                 .L0 
80200260 80200260        0     1                 .L0 
80200264 80200264        0     1                 .L0 
80200268 80200268        0     1                 .L0 
80200268 80200268        0     1                 .L0 
8020026e 8020026e        0     1                 .L0 
80200270 80200270        0     1                 .L0 
80200272 80200272        0     1                 .L0 
8020027c 8020027c        0     1                 .L0 
8020027c 8020027c       31     4 .rodata
8020027c 8020027c       31     1         <internal>:(.rodata.str1.1)
802002b0 802002b0        0     4 .bss
802002b0 802002b0        0     1         __bss = .
802002b0 802002b0        0     1         __bss_end = .
802002b0 802002b0        0     1 . = ALIGN(4)
802002b0 802002b0    20000     1 . += 128 * 1024
802202b0 802202b0        0     1 __stack_top = .
       0        0      21b     1 .debug_loclists
       0        0       3a     1         /tmp/kernel-5cee3d.o:(.debug_loclists)
       0        0        0     1                 $d
       c        c        0     1                 .L0 
      3a       3a      1e1     1         /tmp/common-c53637.o:(.debug_loclists)
      3a       3a        0     1                 $d
      46       46        0     1                 .L0 
       0        0      2c0     1 .debug_abbrev
       0        0      191     1         /tmp/kernel-5cee3d.o:(.debug_abbrev)
       0        0        0     1                 $d
     191      191      12f     1         /tmp/common-c53637.o:(.debug_abbrev)
     191      191        0     1                 $d
       0        0      4bc     1 .debug_info
       0        0      27d     1         /tmp/kernel-5cee3d.o:(.debug_info)
       0        0        0     1                 $d
     27d      27d      23f     1         /tmp/common-c53637.o:(.debug_info)
     27d      27d        0     1                 $d
       0        0       37     1 .debug_rnglists
       0        0       1c     1         /tmp/kernel-5cee3d.o:(.debug_rnglists)
       0        0        0     1                 $d
       c        c        0     1                 .L0 
      1c       1c       1b     1         /tmp/common-c53637.o:(.debug_rnglists)
      1c       1c        0     1                 $d
      28       28        0     1                 .L0 
       0        0      12c     1 .debug_str_offsets
       0        0       94     1         /tmp/kernel-5cee3d.o:(.debug_str_offsets)
       0        0        0     1                 $d
       8        8        0     1                 .L0 
      94       94       98     1         /tmp/common-c53637.o:(.debug_str_offsets)
      94       94        0     1                 $d
      9c       9c        0     1                 .L0 
       0        0      1a2     1 .debug_str
       0        0      1a2     1         <internal>:(.debug_str)
       0        0       88     1 .debug_addr
       0        0       28     1         /tmp/kernel-5cee3d.o:(.debug_addr)
       0        0        0     1                 $d
       8        8        0     1                 .L0 
      28       28       60     1         /tmp/common-c53637.o:(.debug_addr)
      28       28        0     1                 $d
      30       30        0     1                 .L0 
       0        0       42     1 .comment
       0        0       42     1         <internal>:(.comment)
       0        0       4e     1 .riscv.attributes
       0        0       4e     1         <internal>:(.riscv.attributes)
       0        0       f4     4 .debug_frame
       0        0       5c     4         /tmp/kernel-5cee3d.o:(.debug_frame)
       0        0        0     1                 .L0 
       0        0        0     1                 $d
      5c       5c       98     4         /tmp/common-c53637.o:(.debug_frame)
      5c       5c        0     1                 .L0 
      5c       5c        0     1                 $d
       0        0      3cf     1 .debug_line
       0        0       cd     1         /tmp/kernel-5cee3d.o:(.debug_line)
       0        0        0     1                 .Lline_table_start0
       0        0        0     1                 $d
      cd       cd      302     1         /tmp/common-c53637.o:(.debug_line)
      cd       cd        0     1                 .Lline_table_start0
      cd       cd        0     1                 $d
       0        0       4a     1 .debug_line_str
       0        0       4a     1         <internal>:(.debug_line_str)
       0        0      2c0     4 .symtab
       0        0      2c0     4         <internal>:(.symtab)
       0        0       d6     1 .shstrtab
       0        0       d6     1         <internal>:(.shstrtab)
       0        0       cb     1 .strtab
       0        0       cb     1         <internal>:(.strtab)
